==================================================
New API 自动签到脚本 (GitHub Actions)
运行时间: 2026-07-01 15:33:18
==================================================

处理账号: Da49
--------------------------------------------------
  用户: da49
  余额: $121.86
  访问个人设置页面: https://api.123nhh.com/console/profile
  → 等待页面完全加载...
  ✓ 找到按钮: button, 文本: 
  → 点击按钮...
  ⚠ 无法确认签到结果，已截图保存到 checkin_result.png
  ❌ 无法确认签到结果

==================================================
签到完成
==================================================
❌ Da49: 无法确认签到结果
